
==============
20260831081317
==============
untracked file, adding: .zettel-notes/recycle-bin/.info/2026-04-11-Tailscale.md.trashinfo
untracked file, adding: .zettel-notes/recycle-bin/2026-04-11-Tailscale.md


==============
20260831081356
==============
untracked file, adding: .zettel-notes/logs/sync/2026-08-31.log


==============
20260831083112
==============
untracked file, adding: .zettel-notes/patches/68/bf117b75-7cb0-46d6-9f53-25e7c1dd80f4.diff
untracked file, adding: .zettel-notes/patches/68/f63a37e2-c0e8-4c05-bf3a-cad539d8bc22.diff


==============
20260831102037
==============
untracked file, adding: _drafts/anothertest.md


==============
20260831102100
==============
untracked file, adding: .zettel-notes/patches/136/fea68125-5a65-49b4-a49d-1ba3f7923915.diff

