
==============
20260828170640
==============
untracked file, adding: .zettel-notes/recycle-bin/MIT_LICENSE.MD
untracked file, adding: .zettel-notes/recycle-bin/pmbootstrap_init.md
untracked file, adding: .zettel-notes/recycle-bin/.info/limit_battery_charge.md.trashinfo
untracked file, adding: .zettel-notes/recycle-bin/firewall.md
untracked file, adding: .zettel-notes/recycle-bin/.info/pmbootstrap_init.md.trashinfo
untracked file, adding: .zettel-notes/recycle-bin/hass.md
untracked file, adding: .zettel-notes/recycle-bin/.info/pmbootstrap_flasher.md.trashinfo
untracked file, adding: .zettel-notes/recycle-bin/install_pmbootstrap.md
untracked file, adding: .zettel-notes/recycle-bin/.info/bluetooth.md.trashinfo
untracked file, adding: .zettel-notes/recycle-bin/.info/setup_wifi.md.trashinfo
untracked file, adding: .zettel-notes/recycle-bin/pmbootstrap_flasher.md
untracked file, adding: .zettel-notes/recycle-bin/.info/docker.md.trashinfo
untracked file, adding: .zettel-notes/recycle-bin/.info/firewall.md.trashinfo
untracked file, adding: .zettel-notes/recycle-bin/usb_disconnect.md
untracked file, adding: .zettel-notes/recycle-bin/.info/now.md.trashinfo
untracked file, adding: .zettel-notes/recycle-bin/limit_battery_charge.md
untracked file, adding: .zettel-notes/recycle-bin/2024-06-01-Reuse an Old Smart Phone.md
untracked file, adding: .zettel-notes/recycle-bin/bluetooth.md
untracked file, adding: .zettel-notes/recycle-bin/.info/connect_phone.md.trashinfo
untracked file, adding: .zettel-notes/recycle-bin/setup_wifi.md
untracked file, adding: .zettel-notes/recycle-bin/connect_phone.md
untracked file, adding: .zettel-notes/recycle-bin/docker.md
untracked file, adding: .zettel-notes/recycle-bin/.info/hass.md.trashinfo
untracked file, adding: .zettel-notes/recycle-bin/.info/pmbootstrap_install.md.trashinfo
untracked file, adding: .zettel-notes/recycle-bin/pmbootstrap_install.md
untracked file, adding: .zettel-notes/recycle-bin/.info/usb_disconnect.md.trashinfo
untracked file, adding: .zettel-notes/recycle-bin/.info/install_pmbootstrap.md.trashinfo
untracked file, adding: .zettel-notes/recycle-bin/now.md
untracked file, adding: .zettel-notes/recycle-bin/.info/MIT_LICENSE.MD.trashinfo

