
==============
20260830104823
==============
untracked file, adding: .zettel-notes/patches/124/5495d35e-4cdd-4875-8a1e-bde55a17f413.diff


==============
20260830112129
==============
untracked file, adding: .zettel-notes/patches/68/e4e2bf01-c664-4c0e-955c-a92bc0004a0a.diff
untracked file, adding: .zettel-notes/logs/sync/2026-08-30.log
untracked file, adding: .zettel-notes/patches/68/a35b9cd2-7173-4e7b-8e9b-3a51df6e50b5.diff
untracked file, adding: .zettel-notes/patches/68/b63cdff1-5649-4fa5-a7b2-44eb8dfc48cb.diff
untracked file, adding: pages/2024-06-01-Reuse an Old Smart Phone.md


==============
20260830150354
==============
untracked file, adding: .zettel-notes/recycle-bin/Untitled_2.md
untracked file, adding: .zettel-notes/recycle-bin/.info/Untitled_2.md.trashinfo


==============
20260830155830
==============
untracked file, adding: .zettel-notes/patches/130/0f44da49-a5cb-42a6-9e54-4c930e60ba8c.diff
untracked file, adding: _drafts_test.md


==============
20260830155922
==============
untracked file, adding: .zettel-notes/recycle-bin/_drafts_test.md
untracked file, adding: _draftsUntitled.md
untracked file, adding: .zettel-notes/recycle-bin/Untitled_3.md
untracked file, adding: .zettel-notes/recycle-bin/.info/_drafts_test.md.trashinfo
untracked file, adding: .zettel-notes/recycle-bin/.info/Untitled_3.md.trashinfo

